// Jest Snapshot v1, https://goo.gl/fbAQLP

exports[`DayCard Everything gets rendered 1`] = `
Object {
  "asFragment": [Function],
  "baseElement": <body>
    <div>
      <div
        class="sc-ifAKCX coOVlB"
      >
        <h2
          id="one-job-text"
        >
          What is your one job today?
        </h2>
        <textarea
          id="todo-text"
          type="text"
        >
          test
        </textarea>
        <strong>
          Now, reflect on how you felt doing the job:
        </strong>
        <textarea
          id="reflect-text"
          type="text"
        >
          test
        </textarea>
        <div
          class="sc-bdVaJa jpqvBK"
        >
          <div
            class="sc-bxivhb izQvlR"
          >
            <strong>
              When will you do it? 
            </strong>
            <input
              class="sc-htpNat hQIzVp"
              id="todo-time-hours"
              type="number"
              value="12"
            />
            <input
              class="sc-htpNat hQIzVp"
              id="todo-time-minutes"
              type="number"
              value="0"
            />
            <button
              class="sc-bwzfXH hEtCYp"
              id="todo-time-set"
            >
              Set
            </button>
          </div>
        </div>
      </div>
    </div>
  </body>,
  "container": <div>
    <div
      class="sc-ifAKCX coOVlB"
    >
      <h2
        id="one-job-text"
      >
        What is your one job today?
      </h2>
      <textarea
        id="todo-text"
        type="text"
      >
        test
      </textarea>
      <strong>
        Now, reflect on how you felt doing the job:
      </strong>
      <textarea
        id="reflect-text"
        type="text"
      >
        test
      </textarea>
      <div
        class="sc-bdVaJa jpqvBK"
      >
        <div
          class="sc-bxivhb izQvlR"
        >
          <strong>
            When will you do it? 
          </strong>
          <input
            class="sc-htpNat hQIzVp"
            id="todo-time-hours"
            type="number"
            value="12"
          />
          <input
            class="sc-htpNat hQIzVp"
            id="todo-time-minutes"
            type="number"
            value="0"
          />
          <button
            class="sc-bwzfXH hEtCYp"
            id="todo-time-set"
          >
            Set
          </button>
        </div>
      </div>
    </div>
  </div>,
  "debug": [Function],
  "findAllByAltText": [Function],
  "findAllByDisplayValue": [Function],
  "findAllByLabelText": [Function],
  "findAllByPlaceholderText": [Function],
  "findAllByRole": [Function],
  "findAllByTestId": [Function],
  "findAllByText": [Function],
  "findAllByTitle": [Function],
  "findByAltText": [Function],
  "findByDisplayValue": [Function],
  "findByLabelText": [Function],
  "findByPlaceholderText": [Function],
  "findByRole": [Function],
  "findByTestId": [Function],
  "findByText": [Function],
  "findByTitle": [Function],
  "getAllByAltText": [Function],
  "getAllByDisplayValue": [Function],
  "getAllByLabelText": [Function],
  "getAllByPlaceholderText": [Function],
  "getAllByRole": [Function],
  "getAllByTestId": [Function],
  "getAllByText": [Function],
  "getAllByTitle": [Function],
  "getByAltText": [Function],
  "getByDisplayValue": [Function],
  "getByLabelText": [Function],
  "getByPlaceholderText": [Function],
  "getByRole": [Function],
  "getByTestId": [Function],
  "getByText": [Function],
  "getByTitle": [Function],
  "queryAllByAltText": [Function],
  "queryAllByDisplayValue": [Function],
  "queryAllByLabelText": [Function],
  "queryAllByPlaceholderText": [Function],
  "queryAllByRole": [Function],
  "queryAllByTestId": [Function],
  "queryAllByText": [Function],
  "queryAllByTitle": [Function],
  "queryByAltText": [Function],
  "queryByDisplayValue": [Function],
  "queryByLabelText": [Function],
  "queryByPlaceholderText": [Function],
  "queryByRole": [Function],
  "queryByTestId": [Function],
  "queryByText": [Function],
  "queryByTitle": [Function],
  "rerender": [Function],
  "unmount": [Function],
}
`;
